MO display_16hex NULL ../display_16hex.v vlg51/display__16hex.bin 1413257531
MO FuelPump NULL FuelPump.v vlg0E/_fuel_pump.bin 1413257530
MO Timer NULL Timer.v vlg69/_timer.bin 1413257530
MO debounce NULL ../debounce.v vlg1D/debounce.bin 1413257531
MO labkit NULL ../labkit.v vlg7B/labkit.bin 1413257531
MO Divider NULL Divider.v vlg2B/_divider.bin 1413257531
MO FSM NULL FSM.v vlg42/_f_s_m.bin 1413257531
